command: ['@repo/context_after_html/project/workstreams/literature/.venv/bin/python', '@repo/context_after_html/project/workstreams/literature/tools/caj2pdf-py/caj2pdf', 'convert', '@repo/文献参考（老师找的）/基于科技计划的区域科技创新资源配置系统优化研究_王雪原.caj', '-o', '@repo/context_after_html/project/workstreams/literature/converted/基于科技计划的区域科技创新资源配置系统优化研究_王雪原.pdf']
exit: 0
show:
File: @repo/文献参考（老师找的）/基于科技计划的区域科技创新资源配置系统优化研究_王雪原.caj
Type: HN
Page count: 217
Outlines count: 112


stdout:
Page 47, Image Count 5 != 2
	Truncating Page 47, [[0, 0, 5616, 9096], [455, 5473, 4534, 2289], [0, 0, 5527, 9084], [0, 0, 5599, 9104], [0, 0, 5478, 9074]]
Page 49, Image Count 5 != 2
	Truncating Page 49, [[0, 0, 5624, 9106], [356, 1251, 4648, 2487], [0, 0, 5607, 9146], [0, 0, 5599, 9104], [0, 0, 5478, 9074]]
Page 50, Image Count 5 != 2
	Truncating Page 50, [[0, 0, 5565, 9126], [685, 3388, 4663, 2316], [0, 0, 5607, 9146], [0, 0, 5599, 9104], [0, 0, 5478, 9074]]
Page 51, Image Count 4 != 2
	Truncating Page 51, [[0, 0, 5624, 9101], [652, 5201, 3813, 1082], [0, 0, 5547, 9136], [0, 0, 5602, 9136]]
Page 54, Image Count 5 != 2
	Truncating Page 54, [[0, 0, 5602, 9138], [813, 4016, 4349, 1290], [0, 0, 5547, 9136], [0, 0, 5602, 9136], [0, 0, 5609, 9136]]
Page 58, Image Count 6 != 2
	Truncating Page 58, [[0, 0, 5592, 9131], [729, 1357, 4532, 2247], [0, 0, 5614, 9096], [0, 0, 5599, 9136], [0, 0, 5602, 9138], [813, 4016, 4349, 1290]]
Page 63, Image Count 5 != 2
	Truncating Page 63, [[0, 0, 5572, 9089], [766, 1377, 3484, 1040], [0, 0, 5579, 9134], [0, 0, 5602, 9138], [813, 4016, 4349, 1290]]
Page 64, Image Count 7 != 2
	Truncating Page 64, [[0, 0, 5629, 9185], [746, 1424, 4503, 1913], [0, 0, 5572, 9089], [766, 1377, 3484, 1040], [0, 0, 5579, 9134], [0, 0, 5602, 9138], [813, 4016, 4349, 1290]]
Page 67, Image Count 5 != 2
	Truncating Page 67, [[0, 0, 5537, 9129], [328, 3831, 4661, 2788], [0, 0, 5535, 9084], [0, 0, 5602, 9138], [813, 4016, 4349, 1290]]
Page 74, Image Count 7 != 2
	Truncating Page 74, [[0, 0, 5518, 9074], [739, 2174, 4507, 2006], [0, 0, 5537, 9129], [328, 3831, 4661, 2788], [0, 0, 5535, 9084], [0, 0, 5602, 9138], [813, 4016, 4349, 1290]]
Page 78, Image Count 4 != 2
	Truncating Page 78, [[0, 0, 5557, 9099], [652, 1548, 4508, 5845], [0, 0, 5518, 9044], [368, 1526, 4564, 5669]]
Page 79, Image Count 4 != 2
	Truncating Page 79, [[0, 0, 5616, 9091], [425, 3653, 4465, 2630], [0, 0, 5540, 9084], [0, 0, 5535, 9084]]
Page 83, Image Count 6 != 2
	Truncating Page 83, [[0, 0, 5535, 9052], [437, 3165, 4213, 2151], [0, 0, 5520, 9082], [0, 0, 5520, 9057], [0, 0, 5540, 9084], [0, 0, 5535, 9084]]
Page 101, Image Count 8 != 2
	Truncating Page 101, [[0, 0, 5498, 9057], [395, 4281, 4693, 1443], [0, 0, 5493, 9027], [0, 0, 5545, 9069], [0, 0, 5530, 9087], [0, 0, 5520, 9057], [0, 0, 5540, 9084], [0, 0, 5535, 9084]]
Page 129, Image Count 6 != 2
	Truncating Page 129, [[0, 0, 5498, 9010], [366, 3949, 4257, 2010], [0, 0, 5619, 9131], [0, 0, 5560, 9044], [0, 0, 5589, 9166], [0, 0, 5616, 9094]]
Page 131, Image Count 5 != 2
	Truncating Page 131, [[0, 0, 5490, 9002], [351, 1236, 4470, 2180], [0, 0, 5547, 9136], [0, 0, 5602, 9136], [0, 0, 5609, 9136]]
Page 139, Image Count 4 != 2
	Truncating Page 139, [[0, 0, 5621, 9119], [482, 3027, 4438, 1779], [0, 0, 5490, 9002], [351, 1236, 4470, 2180]]
Page 157, Image Count 6 != 3
	Truncating Page 157, [[0, 0, 5569, 9062], [1753, 2656, 1782, 1302], [1498, 6076, 2334, 1132], [0, 0, 5621, 9146], [0, 0, 5547, 9094], [0, 0, 5584, 9124]]
Page 158, Image Count 7 != 2
	Truncating Page 158, [[0, 0, 5572, 9114], [1991, 1293, 2175, 1109], [0, 0, 5621, 9146], [0, 0, 5547, 9094], [0, 0, 5584, 9124], [0, 0, 5490, 9002], [351, 1236, 4470, 2180]]
Page 159, Image Count 7 != 2
	Truncating Page 159, [[0, 0, 5604, 9082], [1479, 5003, 2531, 1423], [0, 0, 5572, 9114], [1991, 1293, 2175, 1109], [0, 0, 5621, 9146], [0, 0, 5547, 9094], [0, 0, 5584, 9124]]
Page 161, Image Count 9 != 2
	Truncating Page 161, [[0, 0, 5607, 9087], [974, 5015, 3731, 976], [0, 0, 5604, 9082], [1479, 5003, 2531, 1423], [0, 0, 5572, 9114], [1991, 1293, 2175, 1109], [0, 0, 5621, 9146], [0, 0, 5547, 9094], [0, 0, 5584, 9124]]
Page 162, Image Count 11 != 2
	Truncating Page 162, [[0, 0, 5587, 9116], [1058, 1553, 4018, 921], [0, 0, 5607, 9087], [974, 5015, 3731, 976], [0, 0, 5604, 9082], [1479, 5003, 2531, 1423], [0, 0, 5572, 9114], [1991, 1293, 2175, 1109], [0, 0, 5621, 9146], [0, 0, 5547, 9094], [0, 0, 5584, 9124]]
Page 209, Image Count 3 != 2
	Truncating Page 209, [[0, 0, 5602, 9114], [1211, 4679, 2470, 1431], [0, 0, 5602, 9099]]
Page 210, Image Count 5 != 2
	Truncating Page 210, [[0, 0, 5582, 9178], [1756, 3531, 2375, 1500], [0, 0, 5602, 9099], [0, 0, 5555, 9158], [0, 0, 5579, 9106]]
Page 211, Image Count 7 != 3
	Truncating Page 211, [[0, 0, 5582, 9091], [1518, 6133, 2371, 1228], [1469, 1390, 2370, 1391], [0, 0, 5582, 9178], [1756, 3531, 2375, 1500], [0, 0, 5602, 9099], [0, 0, 5555, 9158]]
Page 212, Image Count 5 != 2
	Truncating Page 212, [[0, 0, 5607, 9163], [1874, 3526, 2415, 1485], [0, 0, 5602, 9099], [0, 0, 5555, 9158], [0, 0, 5579, 9106]]

stderr:

AUDIT: pdf_pages=217 chars_total=0 pages_gt100=0 first_rect=Rect(0.0, 0.0, 545.52001953125, 886.3200073242188)
